  ◑ ♪ [██░░░░░░░░░░░░░░░░░░░░░░░░░░] 10/127 (8%) ▁ updated=0 matched=9 ambig=0 nomatch=1 skip=0 err=0 | 1m in ~6m left
    now spinning: Juan Laya, Jorge Montiel, Heidi Vogel - Enamoreme (Nosy Kelly Remix)
  ◒ ♪ [████░░░░░░░░░░░░░░░░░░░░░░░░] 20/127 (16%) ▂ updated=0 matched=18 ambig=0 nomatch=2 skip=0 err=0 | 1m in ~6m left
    now spinning: Lex (Athens), Locke - Caribbean Traffic Jam (Coflo Remix)
  ◓ ♪ [██████░░░░░░░░░░░░░░░░░░░░░░] 30/127 (24%) ▂ updated=0 matched=26 ambig=1 nomatch=3 skip=0 err=0 | 1m in ~5m left
    now spinning: Lucas Senyatso - S'ka Ntshwara So (Original Mix)
  ◐ ♪ [████████░░░░░░░░░░░░░░░░░░░░] 40/127 (31%) ▃ updated=0 matched=34 ambig=2 nomatch=4 skip=0 err=0 | 2m in ~4m left
    now spinning: Mbuso De Mbazo, Busta 929, Neechor, Njabzin Daking - Majaivane (Boarding School Piano Edit
  ◑ ♪ [███████████░░░░░░░░░░░░░░░░░] 50/127 (39%) ▃ updated=0 matched=44 ambig=2 nomatch=4 skip=0 err=0 | 2m in ~4m left
    now spinning: Mr. Pig, Minow - Corillo (Original Mix)
  ◒ ♪ [█████████████░░░░░░░░░░░░░░░] 60/127 (47%) ▄ updated=0 matched=53 ambig=2 nomatch=5 skip=0 err=0 | 3m in ~3m left
    now spinning: Nico Parga, Dj Jose Gonzalez - Papara (Original Mix)
  ◓ ♪ [███████████████░░░░░░░░░░░░░] 70/127 (55%) ▄ updated=0 matched=60 ambig=2 nomatch=8 skip=0 err=0 | 4m in ~3m left
    now spinning: Q Narongwate, Roman Jack - Nkayamba (Original Mix)
  ◐ ♪ [█████████████████░░░░░░░░░░░] 80/127 (63%) ▅ updated=0 matched=69 ambig=2 nomatch=9 skip=0 err=0 | 4m in ~2m left
    now spinning: Sabmag - 3am (Original Mix)
  ◑ ♪ [███████████████████░░░░░░░░░] 90/127 (71%) ▅ updated=0 matched=78 ambig=2 nomatch=10 skip=0 err=0 | 5m in ~2m left
    now spinning: Sebastian Rivero, Dela Sur, Bastos (Vz) - Searching For Unity (Original Mix)
  ◒ ♪ [██████████████████████░░░░░░] 100/127 (79%) ▆ updated=0 matched=85 ambig=2 nomatch=13 skip=0 err=0 | 5m in ~1m left
    now spinning: Softmal, Llølita, Cris Hoefling - Promiscuous (Radio Edit)
  ◓ ♪ [████████████████████████░░░░] 110/127 (87%) ▇ updated=0 matched=95 ambig=2 nomatch=13 skip=0 err=0 | 6m in ~1m left
    now spinning: Techno Mama - Dance Of The Devils (Original Mix)
  ◐ ♪ [██████████████████████████░░] 120/127 (94%) ▇ updated=0 matched=102 ambig=3 nomatch=15 skip=0 err=0 | 6m in ~0m left
    now spinning: Toby Grey, Yaans - Feel (Original Mix)
  DONE 147 files in 6.6m: updated=0 {'matched': 107, 'no-candidates': 16, 'ambiguous': 3}
