  ◑ ♪ [░░░░░░░░░░░░░░░░░░░░░░░░░░░░] 10/1172 (1%) ▁ updated=5 matched=10 ambig=0 nomatch=0 skip=0 err=0 | 14m in ~1663m left
    now spinning: DJ Koze - Blume Der Nacht (Original Mix)
  ◒ ♪ [░░░░░░░░░░░░░░░░░░░░░░░░░░░░] 20/1172 (2%) ▁ updated=14 matched=20 ambig=0 nomatch=0 skip=0 err=0 | 14m in ~827m left
    now spinning: Feer Jaimes - Sometimes (Original Mix)
  ◓ ♪ [░░░░░░░░░░░░░░░░░░░░░░░░░░░░] 30/1172 (3%) ▁ updated=24 matched=30 ambig=0 nomatch=0 skip=0 err=0 | 14m in ~547m left
    now spinning: Vemarco (BR) - Mownay  (Original Mix)
  ◐ ♪ [░░░░░░░░░░░░░░░░░░░░░░░░░░░░] 40/1172 (3%) ▁ updated=34 matched=40 ambig=0 nomatch=0 skip=0 err=0 | 14m in ~408m left
    now spinning: Lulo (UY), Lex Valverde - Wake Up (Original Mix)
  ◑ ♪ [█░░░░░░░░░░░░░░░░░░░░░░░░░░░] 50/1172 (4%) ▁ updated=44 matched=50 ambig=0 nomatch=0 skip=0 err=0 | 14m in ~324m left
    now spinning: Fer BR - Help Us! (Extended Mix)
  ◒ ♪ [█░░░░░░░░░░░░░░░░░░░░░░░░░░░] 60/1172 (5%) ▁ updated=54 matched=60 ambig=0 nomatch=0 skip=0 err=0 | 14m in ~267m left
    now spinning: Locmotion - No Shame (Original Mix)
  ◓ ♪ [█░░░░░░░░░░░░░░░░░░░░░░░░░░░] 70/1172 (6%) ▁ updated=64 matched=70 ambig=0 nomatch=0 skip=0 err=0 | 14m in ~227m left
    now spinning: Viddsan - Vibe Stems (Original Mix)
  ◐ ♪ [█░░░░░░░░░░░░░░░░░░░░░░░░░░░] 80/1172 (7%) ▁ updated=74 matched=80 ambig=0 nomatch=0 skip=0 err=0 | 14m in ~198m left
    now spinning: Queen B - All Over Me (Extended Mix)
  ◑ ♪ [██░░░░░░░░░░░░░░░░░░░░░░░░░░] 90/1172 (8%) ▁ updated=84 matched=90 ambig=0 nomatch=0 skip=0 err=0 | 15m in ~174m left
    now spinning: Roel - Keep It On (Extended Mix)
  ◒ ♪ [██░░░░░░░░░░░░░░░░░░░░░░░░░░] 100/1172 (9%) ▁ updated=94 matched=100 ambig=0 nomatch=0 skip=0 err=0 | 15m in ~156m left
    now spinning: Mar De Novo - Last Disco On Earth (Original Mix)
  ◓ ♪ [██░░░░░░░░░░░░░░░░░░░░░░░░░░] 110/1172 (9%) ▁ updated=104 matched=110 ambig=0 nomatch=0 skip=0 err=0 | 15m in ~140m left
    now spinning: Nick Curly, Joëlla Jackson - Attention (Original Mix)
  ◐ ♪ [██░░░░░░░░░░░░░░░░░░░░░░░░░░] 120/1172 (10%) ▁ updated=114 matched=120 ambig=0 nomatch=0 skip=0 err=0 | 15m in ~128m left
    now spinning: MK, Clementine Douglas - Come Find Me (Extended)
  ◑ ♪ [███░░░░░░░░░░░░░░░░░░░░░░░░░] 130/1172 (11%) ▁ updated=124 matched=130 ambig=0 nomatch=0 skip=0 err=0 | 15m in ~117m left
    now spinning: Adonias - FUNK IT! (Extended Mix)
  ◒ ♪ [███░░░░░░░░░░░░░░░░░░░░░░░░░] 140/1172 (12%) ▁ updated=134 matched=140 ambig=0 nomatch=0 skip=0 err=0 | 15m in ~108m left
    now spinning: Robbie Doherty - Find A Way (Original Mix)
  ◓ ♪ [███░░░░░░░░░░░░░░░░░░░░░░░░░] 150/1172 (13%) ▁ updated=144 matched=150 ambig=0 nomatch=0 skip=0 err=0 | 15m in ~99m left
    now spinning: all things break - gravity (Original Mix)
  ◐ ♪ [███░░░░░░░░░░░░░░░░░░░░░░░░░] 160/1172 (14%) ▁ updated=154 matched=160 ambig=0 nomatch=0 skip=0 err=0 | 15m in ~92m left
    now spinning: ANOTR, Leven Kali, Erik Bandt - How You Feel (Original Mix)
  ◑ ♪ [████░░░░░░░░░░░░░░░░░░░░░░░░] 170/1172 (15%) ▂ updated=164 matched=170 ambig=0 nomatch=0 skip=0 err=0 | 15m in ~86m left
    now spinning: Yuvèe - Freydies (Extended Mix)
  ◒ ♪ [████░░░░░░░░░░░░░░░░░░░░░░░░] 180/1172 (15%) ▂ updated=174 matched=180 ambig=0 nomatch=0 skip=0 err=0 | 15m in ~81m left
    now spinning: Omar+ - Me+U (Extended)
  ◓ ♪ [████░░░░░░░░░░░░░░░░░░░░░░░░] 190/1172 (16%) ▂ updated=183 matched=189 ambig=0 nomatch=0 skip=0 err=1 | 15m in ~76m left
    now spinning: Tuccillo - Street Jungle (Original Mix)
  ◐ ♪ [████░░░░░░░░░░░░░░░░░░░░░░░░] 200/1172 (17%) ▂ updated=193 matched=199 ambig=0 nomatch=0 skip=0 err=1 | 15m in ~71m left
    now spinning: Booty Gang - Polski (Original Mix) 128
  ◑ ♪ [█████░░░░░░░░░░░░░░░░░░░░░░░] 210/1172 (18%) ▂ updated=203 matched=209 ambig=0 nomatch=0 skip=0 err=1 | 15m in ~67m left
    now spinning: Dance With Me - Goosey (Original Mix) 127
  ◒ ♪ [█████░░░░░░░░░░░░░░░░░░░░░░░] 220/1172 (19%) ▂ updated=213 matched=219 ambig=0 nomatch=0 skip=0 err=1 | 15m in ~64m left
    now spinning: Fake Friendzz - Tomas Bisquierra (Original Mix) 129
  ◓ ♪ [█████░░░░░░░░░░░░░░░░░░░░░░░] 230/1172 (20%) ▂ updated=223 matched=229 ambig=0 nomatch=0 skip=0 err=1 | 15m in ~60m left
    now spinning: Goggins Bs - Yfy, Booguta, Cartel Noir (Extended) 128
  ◐ ♪ [█████░░░░░░░░░░░░░░░░░░░░░░░] 240/1172 (20%) ▂ updated=233 matched=239 ambig=0 nomatch=0 skip=0 err=1 | 15m in ~57m left
    now spinning: Like Me - Angel Heredia, Aaron Martin (Original Mix) 129
  ◑ ♪ [█████░░░░░░░░░░░░░░░░░░░░░░░] 250/1172 (21%) ▂ updated=243 matched=249 ambig=0 nomatch=0 skip=0 err=1 | 15m in ~54m left
    now spinning: Murder Mystery - Jamie Jones (Original Mix) 128
  ◒ ♪ [██████░░░░░░░░░░░░░░░░░░░░░░] 260/1172 (22%) ▂ updated=253 matched=259 ambig=0 nomatch=0 skip=0 err=1 | 15m in ~52m left
    now spinning: Rework It - Tough Art (Original Mix) 129
  ◓ ♪ [██████░░░░░░░░░░░░░░░░░░░░░░] 270/1172 (23%) ▂ updated=263 matched=269 ambig=0 nomatch=0 skip=0 err=1 | 15m in ~49m left
    now spinning: Shake That Ass - Groover (Arg), Diego Sosa (Original Mix) 128
  ◐ ♪ [██████░░░░░░░░░░░░░░░░░░░░░░] 280/1172 (24%) ▂ updated=273 matched=279 ambig=0 nomatch=0 skip=0 err=1 | 15m in ~47m left
    now spinning: Stronger - Igor Zanga (Original Mix) 130
  ◑ ♪ [██████░░░░░░░░░░░░░░░░░░░░░░] 290/1172 (25%) ▂ updated=283 matched=289 ambig=0 nomatch=0 skip=0 err=1 | 15m in ~45m left
    now spinning: Wow - Litchi (Original Mix) 125
  ◒ ♪ [███████░░░░░░░░░░░░░░░░░░░░░] 300/1172 (26%) ▂ updated=293 matched=299 ambig=0 nomatch=0 skip=0 err=1 | 15m in ~43m left
    now spinning: Beats For The Underground - Mau P (Original Mix) 126
  ◓ ♪ [███████░░░░░░░░░░░░░░░░░░░░░] 310/1172 (26%) ▂ updated=303 matched=309 ambig=0 nomatch=0 skip=0 err=1 | 15m in ~41m left
    now spinning: Don't Stop - Prospa (Extended Mix) 128
  ◐ ♪ [███████░░░░░░░░░░░░░░░░░░░░░] 320/1172 (27%) ▂ updated=313 matched=319 ambig=0 nomatch=0 skip=0 err=1 | 15m in ~40m left
    now spinning: Girl$ - Dom Dolla (Extended) 134
  ◑ ♪ [███████░░░░░░░░░░░░░░░░░░░░░] 330/1172 (28%) ▂ updated=323 matched=329 ambig=0 nomatch=0 skip=0 err=1 | 15m in ~38m left
    now spinning: Innerbloom - Rüfüs Du Sol (Original Mix) 122
  ◒ ♪ [████████░░░░░░░░░░░░░░░░░░░░] 340/1172 (29%) ▃ updated=333 matched=339 ambig=0 nomatch=0 skip=0 err=1 | 15m in ~36m left
    now spinning: Losing It - Fisher (Oz) (Extended) 125
  ◓ ♪ [████████░░░░░░░░░░░░░░░░░░░░] 350/1172 (30%) ▃ updated=343 matched=349 ambig=0 nomatch=0 skip=0 err=1 | 15m in ~35m left
    now spinning: On Repeat - Max Styler, Clüb De Combat (Extended Mix) 128
  ◐ ♪ [████████░░░░░░░░░░░░░░░░░░░░] 360/1172 (31%) ▃ updated=353 matched=359 ambig=0 nomatch=0 skip=0 err=1 | 15m in ~34m left
    now spinning: Rizz - Ayybo (Extended Mix) 127
  ◑ ♪ [████████░░░░░░░░░░░░░░░░░░░░] 370/1172 (32%) ▃ updated=363 matched=369 ambig=0 nomatch=0 skip=0 err=1 | 15m in ~32m left
    now spinning: Supersonic - Kamino (Extended Mix) 131
  ◒ ♪ [█████████░░░░░░░░░░░░░░░░░░░] 380/1172 (32%) ▃ updated=373 matched=379 ambig=0 nomatch=0 skip=0 err=1 | 15m in ~31m left
    now spinning: Verano En Ny - Toman (Original Mix) 126
  ◓ ♪ [█████████░░░░░░░░░░░░░░░░░░░] 390/1172 (33%) ▃ updated=383 matched=389 ambig=0 nomatch=0 skip=0 err=1 | 15m in ~30m left
    now spinning: Acid &Ice (Pir8s) - Machine Emotion (Original Mix) 134
  ◐ ♪ [█████████░░░░░░░░░░░░░░░░░░░] 400/1172 (34%) ▃ updated=393 matched=399 ambig=0 nomatch=0 skip=0 err=1 | 15m in ~29m left
    now spinning: Finally - Shutdown, Cimosco (Original Mix) 120
  ◑ ♪ [█████████░░░░░░░░░░░░░░░░░░░] 410/1172 (35%) ▃ updated=403 matched=409 ambig=0 nomatch=0 skip=0 err=1 | 15m in ~28m left
    now spinning: ARTBAT, SIX40TWO - Take You There (Original Mix)
  ◒ ♪ [██████████░░░░░░░░░░░░░░░░░░] 420/1172 (36%) ▃ updated=413 matched=419 ambig=0 nomatch=0 skip=0 err=1 | 15m in ~27m left
    now spinning: Bonafique, Yuvèe - Profill (Original Mix)
  ◓ ♪ [██████████░░░░░░░░░░░░░░░░░░] 430/1172 (37%) ▃ updated=423 matched=429 ambig=0 nomatch=0 skip=0 err=1 | 15m in ~26m left
    now spinning: Cloonee, Nice & Smooth - I Rhyme Quick (Extended Mix)
  ◐ ♪ [██████████░░░░░░░░░░░░░░░░░░] 440/1172 (38%) ▃ updated=433 matched=439 ambig=0 nomatch=0 skip=0 err=1 | 15m in ~25m left
    now spinning: Fatboy Slim, Topic, Marco Generani - Right Here, Right Now (Extended Rework)
  ◑ ♪ [██████████░░░░░░░░░░░░░░░░░░] 450/1172 (38%) ▃ updated=443 matched=449 ambig=0 nomatch=0 skip=0 err=1 | 15m in ~24m left
    now spinning: Hugel, Barbara Doza, Flagrant Drvms - Ron Y Coco (Extended Mix)
  ◒ ♪ [██████████░░░░░░░░░░░░░░░░░░] 460/1172 (39%) ▃ updated=453 matched=459 ambig=0 nomatch=0 skip=0 err=1 | 15m in ~24m left
    now spinning: Joshwa - Lets Get Ill (Extended Mix)
  ◓ ♪ [███████████░░░░░░░░░░░░░░░░░] 470/1172 (40%) ▃ updated=463 matched=469 ambig=0 nomatch=0 skip=0 err=1 | 15m in ~23m left
    now spinning: Mellizos, MIXMASTERS - My Life Is A Disco (In The Mix) (Extended Mix)
  ◐ ♪ [███████████░░░░░░░░░░░░░░░░░] 480/1172 (41%) ▃ updated=473 matched=479 ambig=0 nomatch=0 skip=0 err=1 | 15m in ~22m left
    now spinning: Prospa - Dreams (Original Mix)
  ◑ ♪ [███████████░░░░░░░░░░░░░░░░░] 490/1172 (42%) ▃ updated=483 matched=489 ambig=0 nomatch=0 skip=0 err=1 | 15m in ~21m left
    now spinning: Stardust - Music Sounds Better With You (Original Mix)
  ◒ ♪ [███████████░░░░░░░░░░░░░░░░░] 500/1172 (43%) ▃ updated=493 matched=499 ambig=0 nomatch=0 skip=0 err=1 | 15m in ~21m left
    now spinning: Cirez D - The Tumble
  ◓ ♪ [████████████░░░░░░░░░░░░░░░░] 510/1172 (44%) ▄ updated=499 matched=509 ambig=0 nomatch=0 skip=0 err=1 | 15m in ~20m left
    now spinning: Kerri Chandler - Waterfall
  ◐ ♪ [████████████░░░░░░░░░░░░░░░░] 520/1172 (44%) ▄ updated=505 matched=518 ambig=0 nomatch=0 skip=0 err=2 | 16m in ~19m left
    now spinning: Anthony Pappa - New Bag (Alex Di Stefano Remix)
  ◑ ♪ [████████████░░░░░░░░░░░░░░░░] 530/1172 (45%) ▄ updated=515 matched=528 ambig=0 nomatch=0 skip=0 err=2 | 16m in ~19m left
    now spinning: Kevin Yost - The Moonlight (Original Mix)
  ◒ ♪ [████████████░░░░░░░░░░░░░░░░] 540/1172 (46%) ▄ updated=524 matched=537 ambig=0 nomatch=0 skip=0 err=3 | 16m in ~18m left
    now spinning: Olderic - Monkey Business
  ◓ ♪ [█████████████░░░░░░░░░░░░░░░] 550/1172 (47%) ▄ updated=534 matched=547 ambig=0 nomatch=0 skip=0 err=3 | 16m in ~18m left
    now spinning: Coyu, Edu Imbernon - Coyu, Edu Imbernon - Heart Nev
  ◐ ♪ [█████████████░░░░░░░░░░░░░░░] 560/1172 (48%) ▄ updated=544 matched=557 ambig=0 nomatch=0 skip=0 err=3 | 16m in ~17m left
    now spinning: Eats Everything - Entrance Song
  ◑ ♪ [█████████████░░░░░░░░░░░░░░░] 570/1172 (49%) ▄ updated=553 matched=566 ambig=0 nomatch=0 skip=0 err=4 | 16m in ~17m left
    now spinning: Stefano Noferini - Fact
  ◒ ♪ [█████████████░░░░░░░░░░░░░░░] 580/1172 (49%) ▄ updated=563 matched=576 ambig=0 nomatch=0 skip=0 err=4 | 16m in ~16m left
    now spinning: Mirko Loko, Stacey Pullen - Tronic Illusion
  ◓ ♪ [██████████████░░░░░░░░░░░░░░] 590/1172 (50%) ▄ updated=572 matched=585 ambig=0 nomatch=0 skip=0 err=5 | 16m in ~16m left
    now spinning: Phil Kieran - Bells and Spells (Original mix)
  ◐ ♪ [██████████████░░░░░░░░░░░░░░] 600/1172 (51%) ▄ updated=582 matched=595 ambig=0 nomatch=0 skip=0 err=5 | 16m in ~15m left
    now spinning: MiniCoolBoyz - Rimmer Man
  ◑ ♪ [██████████████░░░░░░░░░░░░░░] 610/1172 (52%) ▄ updated=592 matched=605 ambig=0 nomatch=0 skip=0 err=5 | 16m in ~15m left
    now spinning: Ntfo - Blissed Out (Original Mix)
  ◒ ♪ [██████████████░░░░░░░░░░░░░░] 620/1172 (53%) ▄ updated=602 matched=615 ambig=0 nomatch=0 skip=0 err=5 | 16m in ~14m left
    now spinning: Ryo Murakami - Beyond
  ◓ ♪ [███████████████░░░░░░░░░░░░░] 630/1172 (54%) ▄ updated=611 matched=625 ambig=0 nomatch=0 skip=0 err=5 | 16m in ~14m left
    now spinning: Joeski - Presente (Original Mix)
  ◐ ♪ [███████████████░░░░░░░░░░░░░] 640/1172 (55%) ▄ updated=620 matched=634 ambig=0 nomatch=0 skip=0 err=6 | 16m in ~13m left
    now spinning: Shit Robot - Feels Real
  ◑ ♪ [███████████████░░░░░░░░░░░░░] 650/1172 (55%) ▄ updated=629 matched=644 ambig=0 nomatch=0 skip=0 err=6 | 16m in ~13m left
    now spinning: Shit Robot - Grim Receiver
  ◒ ♪ [███████████████░░░░░░░░░░░░░] 660/1172 (56%) ▄ updated=638 matched=653 ambig=0 nomatch=0 skip=0 err=7 | 16m in ~12m left
    now spinning: Archie Hamilton - Confusion
  ◓ ♪ [████████████████░░░░░░░░░░░░] 670/1172 (57%) ▅ updated=642 matched=663 ambig=0 nomatch=0 skip=0 err=7 | 16m in ~12m left
    now spinning: Lisa King - You've Got Magic
  ◐ ♪ [████████████████░░░░░░░░░░░░] 680/1172 (58%) ▅ updated=646 matched=673 ambig=0 nomatch=0 skip=0 err=7 | 16m in ~12m left
    now spinning: Róisín Murphy - Ancora Ancora Ancora (Severino & Nico De Geglia Remix)
  ◑ ♪ [████████████████░░░░░░░░░░░░] 690/1172 (59%) ▅ updated=655 matched=683 ambig=0 nomatch=0 skip=0 err=7 | 16m in ~11m left
    now spinning:  - 
  ◒ ♪ [████████████████░░░░░░░░░░░░] 700/1172 (60%) ▅ updated=665 matched=693 ambig=0 nomatch=0 skip=0 err=7 | 16m in ~11m left
    now spinning:  - 
  ◓ ♪ [████████████████░░░░░░░░░░░░] 710/1172 (61%) ▅ updated=671 matched=701 ambig=0 nomatch=0 skip=0 err=9 | 16m in ~11m left
    now spinning: DJ Deeon - Respect the fact
  ◐ ♪ [█████████████████░░░░░░░░░░░] 720/1172 (61%) ▅ updated=679 matched=710 ambig=0 nomatch=0 skip=0 err=10 | 16m in ~10m left
    now spinning: Hands Of Love - Joel Sarakula (Ben Jamin Remix) 103
  ◑ ♪ [█████████████████░░░░░░░░░░░] 730/1172 (62%) ▅ updated=688 matched=720 ambig=0 nomatch=0 skip=0 err=10 | 16m in ~10m left
    now spinning: DJ Slugo - Quarter 2 One
  ◒ ♪ [█████████████████░░░░░░░░░░░] 740/1172 (63%) ▅ updated=698 matched=730 ambig=0 nomatch=0 skip=0 err=10 | 16m in ~9m left
    now spinning: DJ Godfather - Bang The Box
  ◓ ♪ [█████████████████░░░░░░░░░░░] 750/1172 (64%) ▅ updated=707 matched=740 ambig=0 nomatch=0 skip=0 err=10 | 16m in ~9m left
    now spinning: DJ Deeon - Lightspeed
  ◐ ♪ [██████████████████░░░░░░░░░░] 760/1172 (65%) ▅ updated=714 matched=749 ambig=0 nomatch=0 skip=0 err=11 | 16m in ~9m left
    now spinning: KC and The Sunshine Band - Get Down Tonight
  ◑ ♪ [██████████████████░░░░░░░░░░] 770/1172 (66%) ▅ updated=723 matched=759 ambig=0 nomatch=0 skip=0 err=11 | 16m in ~8m left
    now spinning: Tango Hustle - Dave Lee Zr, Foreal People (Dave Lee Latican Hustle) 124
  ◒ ♪ [██████████████████░░░░░░░░░░] 780/1172 (67%) ▅ updated=732 matched=768 ambig=0 nomatch=0 skip=0 err=12 | 16m in ~8m left
    now spinning: Gloria Gaynor - Reach Out I'll Be There
  ◓ ♪ [██████████████████░░░░░░░░░░] 790/1172 (67%) ▅ updated=741 matched=777 ambig=0 nomatch=0 skip=0 err=13 | 16m in ~8m left
    now spinning: DJ Deeon - The Freaks
  ◐ ♪ [███████████████████░░░░░░░░░] 800/1172 (68%) ▅ updated=751 matched=787 ambig=0 nomatch=0 skip=0 err=13 | 16m in ~8m left
    now spinning: DJ Deeon - 1112
  ◑ ♪ [███████████████████░░░░░░░░░] 810/1172 (69%) ▅ updated=759 matched=796 ambig=0 nomatch=0 skip=0 err=14 | 16m in ~7m left
    now spinning:  - 
  ◒ ♪ [███████████████████░░░░░░░░░] 820/1172 (70%) ▅ updated=765 matched=804 ambig=0 nomatch=0 skip=0 err=16 | 16m in ~7m left
    now spinning: Block & Crown - Ain't Nobody (Original Mix)
  ◓ ♪ [███████████████████░░░░░░░░░] 830/1172 (71%) ▅ updated=773 matched=814 ambig=0 nomatch=0 skip=0 err=16 | 16m in ~7m left
    now spinning: DJ Slugo - Jungle Elevator
  ◐ ♪ [████████████████████░░░░░░░░] 840/1172 (72%) ▆ updated=781 matched=823 ambig=0 nomatch=0 skip=0 err=17 | 16m in ~7m left
    now spinning:  - 
  ◑ ♪ [████████████████████░░░░░░░░] 850/1172 (73%) ▆ updated=790 matched=833 ambig=0 nomatch=0 skip=0 err=17 | 16m in ~6m left
    now spinning: Johnny Mathis - Gone, Gone, Gone (Disco Mix)
  ◒ ♪ [████████████████████░░░░░░░░] 860/1172 (73%) ▆ updated=798 matched=842 ambig=0 nomatch=0 skip=0 err=18 | 17m in ~6m left
    now spinning: Supercircus - I Can't Get Enough (Nu Disco Mix)
  ◓ ♪ [████████████████████░░░░░░░░] 870/1172 (74%) ▆ updated=806 matched=852 ambig=0 nomatch=0 skip=0 err=18 | 17m in ~6m left
    now spinning: Max Styler - One More (feat. Ad-Apt) [Solomun Extended Remix]
  ◐ ♪ [█████████████████████░░░░░░░] 880/1172 (75%) ▆ updated=815 matched=862 ambig=0 nomatch=0 skip=0 err=18 | 17m in ~6m left
    now spinning: Marina Trench - Cascade (Dj Deep & Romain Poncet Fang Remix)
  ◑ ♪ [█████████████████████░░░░░░░] 890/1172 (76%) ▆ updated=825 matched=872 ambig=0 nomatch=0 skip=0 err=18 | 17m in ~5m left
    now spinning: Pantytec - Elastobabe (Soul Capsule's Cosmic Warrior Mix)
  ◒ ♪ [█████████████████████░░░░░░░] 900/1172 (77%) ▆ updated=834 matched=882 ambig=0 nomatch=0 skip=0 err=18 | 17m in ~5m left
    now spinning: Le French Brasserie - Before It Was Too Late (Lorenzo Bartoletti Remix)
  ◓ ♪ [█████████████████████░░░░░░░] 910/1172 (78%) ▆ updated=844 matched=892 ambig=0 nomatch=0 skip=0 err=18 | 17m in ~5m left
    now spinning: Premiesku - Gajey (Original Mix)
  ◐ ♪ [█████████████████████░░░░░░░] 920/1172 (78%) ▆ updated=854 matched=902 ambig=0 nomatch=0 skip=0 err=18 | 17m in ~5m left
    now spinning: Aron - Goodbye Bells (Original Mix)
  ◑ ♪ [██████████████████████░░░░░░] 930/1172 (79%) ▆ updated=864 matched=912 ambig=0 nomatch=0 skip=0 err=18 | 17m in ~4m left
    now spinning: Christian Jay - Katalox (Original Mix)
  ◒ ♪ [██████████████████████░░░░░░] 940/1172 (80%) ▆ updated=874 matched=922 ambig=0 nomatch=0 skip=0 err=18 | 17m in ~4m left
    now spinning: Lifer - Chaos Theory (Original Mix)
  ◓ ♪ [██████████████████████░░░░░░] 950/1172 (81%) ▆ updated=884 matched=932 ambig=0 nomatch=0 skip=0 err=18 | 17m in ~4m left
    now spinning: Tefo Foxx, Idd Aziz, Moshem, Major League Djz & Untitled Audio - Hambalua (Original Mix)
  ◐ ♪ [██████████████████████░░░░░░] 960/1172 (82%) ▆ updated=894 matched=942 ambig=0 nomatch=0 skip=0 err=18 | 17m in ~4m left
    now spinning: Peppe Citarella, Max Zotti - Carnaval De Sao Vicente (Extended Mix) 122
  ◑ ♪ [███████████████████████░░░░░] 970/1172 (83%) ▆ updated=904 matched=952 ambig=0 nomatch=0 skip=0 err=18 | 17m in ~4m left
    now spinning: Loudr, Sounds Human - Pamoja (Bun Xapa Extended Remix)
  ◒ ♪ [███████████████████████░░░░░] 980/1172 (84%) ▆ updated=914 matched=962 ambig=0 nomatch=0 skip=0 err=18 | 17m in ~3m left
    now spinning: Edgr, Lucas Aoki - Giving Up (Extended Mix)
  ◓ ♪ [███████████████████████░░░░░] 990/1172 (84%) ▆ updated=924 matched=972 ambig=0 nomatch=0 skip=0 err=18 | 17m in ~3m left
    now spinning: Kled Baken - Cordillera
  ◐ ♪ [███████████████████████░░░░░] 1000/1172 (85%) ▆ updated=934 matched=982 ambig=0 nomatch=0 skip=0 err=18 | 17m in ~3m left
    now spinning: Armandd G - All I Need (Orignial Mix)
  ◑ ♪ [████████████████████████░░░░] 1010/1172 (86%) ▇ updated=944 matched=992 ambig=0 nomatch=0 skip=0 err=18 | 17m in ~3m left
    now spinning: Cammora, Gregorio - Kuyu (Original Mix)
  ◒ ♪ [████████████████████████░░░░] 1020/1172 (87%) ▇ updated=954 matched=1002 ambig=0 nomatch=0 skip=0 err=18 | 17m in ~3m left
    now spinning: Da Lee LS - Uyazi
  ◓ ♪ [████████████████████████░░░░] 1030/1172 (88%) ▇ updated=964 matched=1012 ambig=0 nomatch=0 skip=0 err=18 | 17m in ~2m left
    now spinning: Deep75 - Tribe
  ◐ ♪ [████████████████████████░░░░] 1040/1172 (89%) ▇ updated=974 matched=1022 ambig=0 nomatch=0 skip=0 err=18 | 17m in ~2m left
    now spinning: Ercy Mirage - Lahaina Sunsets (Amapiano G Mix)
  ◑ ♪ [█████████████████████████░░░] 1050/1172 (90%) ▇ updated=984 matched=1032 ambig=0 nomatch=0 skip=0 err=18 | 17m in ~2m left
    now spinning: Flagrant Drvms, Joseph Royal - On The Coast (Original Mix)
  ◒ ♪ [█████████████████████████░░░] 1060/1172 (90%) ▇ updated=994 matched=1042 ambig=0 nomatch=0 skip=0 err=18 | 17m in ~2m left
    now spinning: Hovak - Phumele (Dub Mix)
  ◓ ♪ [█████████████████████████░░░] 1070/1172 (91%) ▇ updated=1004 matched=1052 ambig=0 nomatch=0 skip=0 err=18 | 17m in ~2m left
    now spinning: Josh Lawrence - Mahaba (Original Mix)
  ◐ ♪ [█████████████████████████░░░] 1080/1172 (92%) ▇ updated=1014 matched=1062 ambig=0 nomatch=0 skip=0 err=18 | 17m in ~1m left
    now spinning: Kurd Maverick, Nodus - Rakkas (Extended Mix)
  ◑ ♪ [██████████████████████████░░] 1090/1172 (93%) ▇ updated=1024 matched=1072 ambig=0 nomatch=0 skip=0 err=18 | 17m in ~1m left
    now spinning: Lucas Senyatso - Busa (Original Mix)
  ◒ ♪ [██████████████████████████░░] 1100/1172 (94%) ▇ updated=1034 matched=1082 ambig=0 nomatch=0 skip=0 err=18 | 18m in ~1m left
    now spinning: Mbuso De Mbazo, Busta 929, Neechor, Njabzin Daking - Majaivane (Boarding School Piano Edit
  ◓ ♪ [██████████████████████████░░] 1110/1172 (95%) ▇ updated=1044 matched=1092 ambig=0 nomatch=0 skip=0 err=18 | 18m in ~1m left
    now spinning: Naima, Bensimon - Luanda (Original Mix)
  ◐ ♪ [██████████████████████████░░] 1120/1172 (96%) ▇ updated=1054 matched=1102 ambig=0 nomatch=0 skip=0 err=18 | 18m in ~1m left
    now spinning: Odasoul, Cesaar - Maremu (Original Mix)
  ◑ ♪ [██████████████████████████░░] 1130/1172 (96%) ▇ updated=1064 matched=1112 ambig=0 nomatch=0 skip=0 err=18 | 18m in ~1m left
    now spinning: Rod Brito - Red Roses (Instrumental Mix)
  ◒ ♪ [███████████████████████████░] 1140/1172 (97%) ▇ updated=1074 matched=1122 ambig=0 nomatch=0 skip=0 err=18 | 18m in ~1m left
    now spinning: Scara Muzike, Thee Ulteemate, Tselise - Gusheshe
  ◓ ♪ [███████████████████████████░] 1150/1172 (98%) ▇ updated=1083 matched=1131 ambig=0 nomatch=0 skip=0 err=19 | 18m in ~0m left
    now spinning: Softmal, Llølita, Cris Hoefling - Promiscuous (Extended Mix)
  ◐ ♪ [███████████████████████████░] 1160/1172 (99%) ▇ updated=1093 matched=1141 ambig=0 nomatch=0 skip=0 err=19 | 18m in ~0m left
    now spinning: Thab De Soul, Pinochet - Mina (Instrumental Mix)
  ◑ ♪ [███████████████████████████░] 1170/1172 (100%) ▇ updated=1103 matched=1151 ambig=0 nomatch=0 skip=0 err=19 | 18m in ~0m left
    now spinning: Yvan Polge - Fama (Original Mix)
  ◑ ♪ [████████████████████████████] 1172/1172 (100%) █ updated=1105 matched=1153 ambig=0 nomatch=0 skip=0 err=19 | 18m in ~0m left
    now spinning: Zeh Mcgeba, Mond. (Fr) - Luwih (Extended Mix)
  DONE 1172 files in 18.1m: updated=1105 {'matched': 48, 'updated': 1105, 'error': 19}
